2025-11-18 22:14:06.730 error: 	warsb--Se produjo un error interno del servidor 
Invalid `this.prisma.categoria.create()` invocation in
C:\Users\warsb\OneDrive\Escritorio\Systrack\Systrack\server\source\controllers\categoriaController.ts:168:54

  165 try {
  166   const body = request.body;
  167   
→ 168   const newCategoria = await this.prisma.categoria.create(
Unique constraint failed on the constraint: `Categoria_nombre_key`
2025-11-18 22:14:12.837 error: 	warsb--Se produjo un error interno del servidor 
Invalid `this.prisma.categoria.create()` invocation in
C:\Users\warsb\OneDrive\Escritorio\Systrack\Systrack\server\source\controllers\categoriaController.ts:168:54

  165 try {
  166   const body = request.body;
  167   
→ 168   const newCategoria = await this.prisma.categoria.create(
Unique constraint failed on the constraint: `Categoria_nombre_key`
2025-11-18 22:14:15.562 error: 	warsb--Se produjo un error interno del servidor 
Invalid `this.prisma.categoria.create()` invocation in
C:\Users\warsb\OneDrive\Escritorio\Systrack\Systrack\server\source\controllers\categoriaController.ts:168:54

  165 try {
  166   const body = request.body;
  167   
→ 168   const newCategoria = await this.prisma.categoria.create(
Unique constraint failed on the constraint: `Categoria_nombre_key`
2025-11-18 22:14:29.121 error: 	warsb--Se produjo un error interno del servidor 
Invalid `this.prisma.categoria.create()` invocation in
C:\Users\warsb\OneDrive\Escritorio\Systrack\Systrack\server\source\controllers\categoriaController.ts:168:54

  165 try {
  166   const body = request.body;
  167   
→ 168   const newCategoria = await this.prisma.categoria.create(
Unique constraint failed on the constraint: `Categoria_nombre_key`
