2025-11-19 23:20:06.240 error: 	warsb--Se produjo un error interno del servidor 
Invalid `this.prisma.etiqueta.findMany()` invocation in
C:\Users\warsb\OneDrive\Escritorio\Systrack\Systrack\server\source\controllers\etiquetaController.ts:19:50

  16 try {
  17 
  18   //Select * from etiqueta ordenado por id ascendente
→ 19   const listado = await this.prisma.etiqueta.findMany(
Can't reach database server at `localhost:3306`

Please make sure your database server is running at `localhost:3306`.
2025-11-19 23:20:06.256 error: 	warsb--Se produjo un error interno del servidor 
Invalid `this.prisma.especialidad.findMany()` invocation in
C:\Users\warsb\OneDrive\Escritorio\Systrack\Systrack\server\source\controllers\especialidadController.ts:12:60

   9 get = async (request: Request, response: Response, next: NextFunction) => {
  10     try {
  11         //Select * from especialidad
→ 12         const listado = await this.prisma.especialidad.findMany(
Can't reach database server at `localhost:3306`

Please make sure your database server is running at `localhost:3306`.
2025-11-19 23:20:06.316 error: 	warsb--Se produjo un error interno del servidor 
Invalid `this.prisma.sLA.findMany()` invocation in
C:\Users\warsb\OneDrive\Escritorio\Systrack\Systrack\server\source\controllers\slaController.ts:11:42

   8 // OBTENER TODOS LOS SLAs
   9 get = async (request: Request, response: Response, next: NextFunction) => {
  10   try {
→ 11     const slas = await this.prisma.sLA.findMany(
Can't reach database server at `localhost:3306`

Please make sure your database server is running at `localhost:3306`.
