2025-12-18 18:31:33.230 error: 	warsb--Se produjo un error interno del servidor 
Invalid `prisma.usuario.findUnique()` invocation in
C:\Users\warsb\OneDrive\Escritorio\Systrack\Systrack\server\source\config\passport.ts:58:41

  55 try {
  56 
  57   // Buscar el usuario en la base de datos por id del payload
→ 58   const user = await prisma.usuario.findUnique(
Can't reach database server at `localhost:3306`

Please make sure your database server is running at `localhost:3306`.
2025-12-18 18:31:34.214 error: 	warsb--Se produjo un error interno del servidor 
Invalid `prisma.usuario.findUnique()` invocation in
C:\Users\warsb\OneDrive\Escritorio\Systrack\Systrack\server\source\config\passport.ts:58:41

  55 try {
  56 
  57   // Buscar el usuario en la base de datos por id del payload
→ 58   const user = await prisma.usuario.findUnique(
Can't reach database server at `localhost:3306`

Please make sure your database server is running at `localhost:3306`.
2025-12-18 18:31:34.219 error: 	warsb--Se produjo un error interno del servidor 
Invalid `prisma.usuario.findUnique()` invocation in
C:\Users\warsb\OneDrive\Escritorio\Systrack\Systrack\server\source\config\passport.ts:58:41

  55 try {
  56 
  57   // Buscar el usuario en la base de datos por id del payload
→ 58   const user = await prisma.usuario.findUnique(
Can't reach database server at `localhost:3306`

Please make sure your database server is running at `localhost:3306`.
2025-12-18 18:31:34.222 error: 	warsb--Se produjo un error interno del servidor 
Invalid `prisma.usuario.findUnique()` invocation in
C:\Users\warsb\OneDrive\Escritorio\Systrack\Systrack\server\source\config\passport.ts:58:41

  55 try {
  56 
  57   // Buscar el usuario en la base de datos por id del payload
→ 58   const user = await prisma.usuario.findUnique(
Can't reach database server at `localhost:3306`

Please make sure your database server is running at `localhost:3306`.
2025-12-18 18:33:08.200 error: 	warsb--Se produjo un error interno del servidor 
Invalid `prisma.usuario.findUnique()` invocation in
C:\Users\warsb\OneDrive\Escritorio\Systrack\Systrack\server\source\config\passport.ts:58:41

  55 try {
  56 
  57   // Buscar el usuario en la base de datos por id del payload
→ 58   const user = await prisma.usuario.findUnique(
Can't reach database server at `localhost:3306`

Please make sure your database server is running at `localhost:3306`.
2025-12-18 18:33:08.243 error: 	warsb--Se produjo un error interno del servidor 
Invalid `prisma.usuario.findUnique()` invocation in
C:\Users\warsb\OneDrive\Escritorio\Systrack\Systrack\server\source\config\passport.ts:58:41

  55 try {
  56 
  57   // Buscar el usuario en la base de datos por id del payload
→ 58   const user = await prisma.usuario.findUnique(
Can't reach database server at `localhost:3306`

Please make sure your database server is running at `localhost:3306`.
2025-12-18 18:33:08.259 error: 	warsb--Se produjo un error interno del servidor 
Invalid `prisma.usuario.findUnique()` invocation in
C:\Users\warsb\OneDrive\Escritorio\Systrack\Systrack\server\source\config\passport.ts:58:41

  55 try {
  56 
  57   // Buscar el usuario en la base de datos por id del payload
→ 58   const user = await prisma.usuario.findUnique(
Can't reach database server at `localhost:3306`

Please make sure your database server is running at `localhost:3306`.
2025-12-18 18:33:08.263 error: 	warsb--Se produjo un error interno del servidor 
Invalid `prisma.usuario.findUnique()` invocation in
C:\Users\warsb\OneDrive\Escritorio\Systrack\Systrack\server\source\config\passport.ts:58:41

  55 try {
  56 
  57   // Buscar el usuario en la base de datos por id del payload
→ 58   const user = await prisma.usuario.findUnique(
Can't reach database server at `localhost:3306`

Please make sure your database server is running at `localhost:3306`.
2025-12-18 18:33:18.978 error: 	warsb--Se produjo un error interno del servidor 
Invalid `prisma.usuario.findUnique()` invocation in
C:\Users\warsb\OneDrive\Escritorio\Systrack\Systrack\server\source\config\passport.ts:30:43

  27 try {
  28 
  29   // Buscar el usuario en la base de datos por correo
→ 30   const user = await prisma.usuario.findUnique(
Can't reach database server at `localhost:3306`

Please make sure your database server is running at `localhost:3306`.
2025-12-18 18:33:39.745 error: 	warsb--Se produjo un error interno del servidor 
Invalid `prisma.usuario.findUnique()` invocation in
C:\Users\warsb\OneDrive\Escritorio\Systrack\Systrack\server\source\config\passport.ts:30:43

  27 try {
  28 
  29   // Buscar el usuario en la base de datos por correo
→ 30   const user = await prisma.usuario.findUnique(
Can't reach database server at `localhost:3306`

Please make sure your database server is running at `localhost:3306`.
