2025-11-11 11:04:36.448 error: 	1--Se produjo un error interno del servidor 
Invalid `this.prisma.ticket.findUnique()` invocation in
C:\Systrack\server\source\controllers\ticketController.ts:241:47

  238 }
  239 
  240 // Busca la categoría por su 'id' en la BD
→ 241 const ticket = await this.prisma.ticket.findUnique(
Can't reach database server at `localhost:3306`

Please make sure your database server is running at `localhost:3306`.
2025-11-11 11:04:49.914 error: 	1--Se produjo un error interno del servidor 
Invalid `this.prisma.categoria.findMany()` invocation in
C:\Systrack\server\source\controllers\categoriaController.ts:48:51

  45 };
  46 
  47 //Select * from categoria where (nombre like 'onsulta%' OR descripcion like '%consulta%') = order by descripcion asc limit 20 offset 0;
→ 48 const listado = await this.prisma.categoria.findMany(
Can't reach database server at `localhost:3306`

Please make sure your database server is running at `localhost:3306`.
2025-11-11 11:04:51.565 error: 	1--Se produjo un error interno del servidor 
Invalid `this.prisma.sLA.findMany()` invocation in
C:\Systrack\server\source\controllers\slaController.ts:11:42

   8 // OBTENER TODOS LOS SLAs
   9 get = async (request: Request, response: Response, next: NextFunction) => {
  10   try {
→ 11     const slas = await this.prisma.sLA.findMany(
Can't reach database server at `localhost:3306`

Please make sure your database server is running at `localhost:3306`.
2025-11-11 11:04:51.573 error: 	1--Se produjo un error interno del servidor 
Invalid `this.prisma.especialidad.findMany()` invocation in
C:\Systrack\server\source\controllers\especialidadController.ts:12:60

   9 get = async (request: Request, response: Response, next: NextFunction) => {
  10     try {
  11         //Select * from especialidad
→ 12         const listado = await this.prisma.especialidad.findMany(
Can't reach database server at `localhost:3306`

Please make sure your database server is running at `localhost:3306`.
2025-11-11 11:04:51.582 error: 	1--Se produjo un error interno del servidor 
Invalid `this.prisma.etiqueta.findMany()` invocation in
C:\Systrack\server\source\controllers\etiquetaController.ts:19:50

  16 try {
  17 
  18   //Select * from etiqueta ordenado por id ascendente
→ 19   const listado = await this.prisma.etiqueta.findMany(
Can't reach database server at `localhost:3306`

Please make sure your database server is running at `localhost:3306`.
