2025-11-11 10:22:55.430 error: 	warsb--Se produjo un error interno del servidor 
Invalid `this.prisma.usuario.findMany()` invocation in
C:\Users\warsb\OneDrive\Escritorio\Systrack\Systrack\server\source\controllers\tecnicoController.ts:55:49

  52 };
  53 
  54 //Select * from usuario where rol = 'TECNICO' AND (nombreUsuario like 'onsulta%' OR correo like '%consulta%') AND estadoTecnico = 'DISPONIBLE' order by correo asc limit 20 offset 0;
→ 55 const listado = await this.prisma.usuario.findMany(
Can't reach database server at `localhost:3306`

Please make sure your database server is running at `localhost:3306`.
2025-11-11 10:22:58.759 error: 	warsb--Se produjo un error interno del servidor 
Invalid `this.prisma.categoria.findUnique()` invocation in
C:\Users\warsb\OneDrive\Escritorio\Systrack\Systrack\server\source\controllers\categoriaController.ts:98:53

  95 }
  96 
  97 // Busca la categoría por su 'id' en la BD
→ 98 const categoria = await this.prisma.categoria.findUnique(
Can't reach database server at `localhost:3306`

Please make sure your database server is running at `localhost:3306`.
2025-11-11 10:23:13.587 error: 	warsb--Se produjo un error interno del servidor 
Invalid `this.prisma.usuario.findFirst()` invocation in
C:\Users\warsb\OneDrive\Escritorio\Systrack\Systrack\server\source\controllers\tecnicoController.ts:112:49

  109 }
  110 
  111 // Busca el técnico por su 'id' en la DB
→ 112 const tecnico = await this.prisma.usuario.findFirst(
Can't reach database server at `localhost:3306`

Please make sure your database server is running at `localhost:3306`.
