2025-10-23 11:23:38.361 error: 	1--Se produjo un error interno del servidor 
Invalid `this.prisma.ticket.findMany()` invocation in
C:\Systrack\server\source\controllers\ticketController.ts:68:28

  65 
  66 // Obtener tickets con paginación
  67 const [tickets, total] = await Promise.all([
→ 68   this.prisma.ticket.findMany({
         where: {
           tecnicoAsignadoId: 5,
           ~~~~~~~~~~~~~~~~~
       ?   AND?: TicketWhereInput | TicketWhereInput[],
       ?   OR?: TicketWhereInput[],
       ?   NOT?: TicketWhereInput | TicketWhereInput[],
       ?   id?: IntFilter | Int,
       ?   codigo?: StringFilter | String,
       ?   titulo?: StringFilter | String,
       ?   descripcion?: StringFilter | String,
       ?   estado?: EnumEstadoTicketFilter | EstadoTicket,
       ?   prioridad?: EnumPrioridadFilter | Prioridad,
       ?   solicitanteId?: IntFilter | Int,
       ?   categoriaId?: IntFilter | Int,
       ?   usuarioAsignadoId?: IntNullableFilter | Int | Null,
       ?   fechaLimiteRespuesta?: DateTimeFilter | DateTime,
       ?   fechaLimiteResolucion?: DateTimeFilter | DateTime,
       ?   respondidoAt?: DateTimeNullableFilter | DateTime | Null,
       ?   resueltoAt?: DateTimeNullableFilter | DateTime | Null,
       ?   cerradoAt?: DateTimeNullableFilter | DateTime | Null,
       ?   cerradoPorId?: IntNullableFilter | Int | Null,
       ?   cumplioRespuesta?: BoolNullableFilter | Boolean | Null,
       ?   cumplioResolucion?: BoolNullableFilter | Boolean | Null,
       ?   creadoAt?: DateTimeFilter | DateTime,
       ?   updatedAt?: DateTimeFilter | DateTime,
       ?   solicitante?: UsuarioScalarRelationFilter | UsuarioWhereInput,
       ?   cerradoPor?: UsuarioNullableScalarRelationFilter | UsuarioWhereInput | Null,
       ?   categoria?: CategoriaScalarRelationFilter | CategoriaWhereInput,
       ?   usuarioAsignado?: UsuarioNullableScalarRelationFilter | UsuarioWhereInput | Null,
       ?   historiales?: HistorialTicketListRelationFilter,
       ?   asignaciones?: AsignacionListRelationFilter,
       ?   notificaciones?: NotificacionListRelationFilter,
       ?   valoracion?: ValoracionServicioNullableScalarRelationFilter | ValoracionServicioWhereInput | Null
         },
         skip: 0,
         take: 10,
         orderBy: {
           creadoAt: "desc"
         },
         include: {
           usuarioAsignado: {
             select: {
               id: true,
               nombreUsuario: true,
               nombreCompleto: true
             }
           }
         }
       })

Unknown argument `tecnicoAsignadoId`. Available options are marked with ?.
2025-10-23 11:23:59.194 error: 	1--Se produjo un error interno del servidor 
Invalid `this.prisma.ticket.findMany()` invocation in
C:\Systrack\server\source\controllers\ticketController.ts:68:28

  65 
  66 // Obtener tickets con paginación
  67 const [tickets, total] = await Promise.all([
→ 68   this.prisma.ticket.findMany({
         where: {
           tecnicoAsignadoId: 5,
           ~~~~~~~~~~~~~~~~~
       ?   AND?: TicketWhereInput | TicketWhereInput[],
       ?   OR?: TicketWhereInput[],
       ?   NOT?: TicketWhereInput | TicketWhereInput[],
       ?   id?: IntFilter | Int,
       ?   codigo?: StringFilter | String,
       ?   titulo?: StringFilter | String,
       ?   descripcion?: StringFilter | String,
       ?   estado?: EnumEstadoTicketFilter | EstadoTicket,
       ?   prioridad?: EnumPrioridadFilter | Prioridad,
       ?   solicitanteId?: IntFilter | Int,
       ?   categoriaId?: IntFilter | Int,
       ?   usuarioAsignadoId?: IntNullableFilter | Int | Null,
       ?   fechaLimiteRespuesta?: DateTimeFilter | DateTime,
       ?   fechaLimiteResolucion?: DateTimeFilter | DateTime,
       ?   respondidoAt?: DateTimeNullableFilter | DateTime | Null,
       ?   resueltoAt?: DateTimeNullableFilter | DateTime | Null,
       ?   cerradoAt?: DateTimeNullableFilter | DateTime | Null,
       ?   cerradoPorId?: IntNullableFilter | Int | Null,
       ?   cumplioRespuesta?: BoolNullableFilter | Boolean | Null,
       ?   cumplioResolucion?: BoolNullableFilter | Boolean | Null,
       ?   creadoAt?: DateTimeFilter | DateTime,
       ?   updatedAt?: DateTimeFilter | DateTime,
       ?   solicitante?: UsuarioScalarRelationFilter | UsuarioWhereInput,
       ?   cerradoPor?: UsuarioNullableScalarRelationFilter | UsuarioWhereInput | Null,
       ?   categoria?: CategoriaScalarRelationFilter | CategoriaWhereInput,
       ?   usuarioAsignado?: UsuarioNullableScalarRelationFilter | UsuarioWhereInput | Null,
       ?   historiales?: HistorialTicketListRelationFilter,
       ?   asignaciones?: AsignacionListRelationFilter,
       ?   notificaciones?: NotificacionListRelationFilter,
       ?   valoracion?: ValoracionServicioNullableScalarRelationFilter | ValoracionServicioWhereInput | Null
         },
         skip: 0,
         take: 10,
         orderBy: {
           creadoAt: "desc"
         },
         include: {
           usuarioAsignado: {
             select: {
               id: true,
               nombreUsuario: true,
               nombreCompleto: true
             }
           }
         }
       })

Unknown argument `tecnicoAsignadoId`. Available options are marked with ?.
2025-10-23 11:24:13.375 error: 	1--Se produjo un error interno del servidor 
Invalid `this.prisma.ticket.findMany()` invocation in
C:\Systrack\server\source\controllers\ticketController.ts:68:28

  65 
  66 // Obtener tickets con paginación
  67 const [tickets, total] = await Promise.all([
→ 68   this.prisma.ticket.findMany({
         where: {
           tecnicoAsignadoId: 8,
           ~~~~~~~~~~~~~~~~~
       ?   AND?: TicketWhereInput | TicketWhereInput[],
       ?   OR?: TicketWhereInput[],
       ?   NOT?: TicketWhereInput | TicketWhereInput[],
       ?   id?: IntFilter | Int,
       ?   codigo?: StringFilter | String,
       ?   titulo?: StringFilter | String,
       ?   descripcion?: StringFilter | String,
       ?   estado?: EnumEstadoTicketFilter | EstadoTicket,
       ?   prioridad?: EnumPrioridadFilter | Prioridad,
       ?   solicitanteId?: IntFilter | Int,
       ?   categoriaId?: IntFilter | Int,
       ?   usuarioAsignadoId?: IntNullableFilter | Int | Null,
       ?   fechaLimiteRespuesta?: DateTimeFilter | DateTime,
       ?   fechaLimiteResolucion?: DateTimeFilter | DateTime,
       ?   respondidoAt?: DateTimeNullableFilter | DateTime | Null,
       ?   resueltoAt?: DateTimeNullableFilter | DateTime | Null,
       ?   cerradoAt?: DateTimeNullableFilter | DateTime | Null,
       ?   cerradoPorId?: IntNullableFilter | Int | Null,
       ?   cumplioRespuesta?: BoolNullableFilter | Boolean | Null,
       ?   cumplioResolucion?: BoolNullableFilter | Boolean | Null,
       ?   creadoAt?: DateTimeFilter | DateTime,
       ?   updatedAt?: DateTimeFilter | DateTime,
       ?   solicitante?: UsuarioScalarRelationFilter | UsuarioWhereInput,
       ?   cerradoPor?: UsuarioNullableScalarRelationFilter | UsuarioWhereInput | Null,
       ?   categoria?: CategoriaScalarRelationFilter | CategoriaWhereInput,
       ?   usuarioAsignado?: UsuarioNullableScalarRelationFilter | UsuarioWhereInput | Null,
       ?   historiales?: HistorialTicketListRelationFilter,
       ?   asignaciones?: AsignacionListRelationFilter,
       ?   notificaciones?: NotificacionListRelationFilter,
       ?   valoracion?: ValoracionServicioNullableScalarRelationFilter | ValoracionServicioWhereInput | Null
         },
         skip: 0,
         take: 10,
         orderBy: {
           creadoAt: "desc"
         },
         include: {
           usuarioAsignado: {
             select: {
               id: true,
               nombreUsuario: true,
               nombreCompleto: true
             }
           }
         }
       })

Unknown argument `tecnicoAsignadoId`. Available options are marked with ?.
2025-10-23 11:24:19.769 error: 	1--Se produjo un error interno del servidor 
Invalid `this.prisma.ticket.count()` invocation in
C:\Systrack\server\source\controllers\ticketController.ts:85:28

  82     }
  83   }
  84 }),
→ 85 this.prisma.ticket.count({
       select: {
         _count: {
           select: {
             _all: true
           }
         }
       },
       where: {
         tecnicoAsignadoId: 5,
         ~~~~~~~~~~~~~~~~~
     ?   AND?: TicketWhereInput | TicketWhereInput[],
     ?   OR?: TicketWhereInput[],
     ?   NOT?: TicketWhereInput | TicketWhereInput[],
     ?   id?: IntFilter | Int,
     ?   codigo?: StringFilter | String,
     ?   titulo?: StringFilter | String,
     ?   descripcion?: StringFilter | String,
     ?   estado?: EnumEstadoTicketFilter | EstadoTicket,
     ?   prioridad?: EnumPrioridadFilter | Prioridad,
     ?   solicitanteId?: IntFilter | Int,
     ?   categoriaId?: IntFilter | Int,
     ?   usuarioAsignadoId?: IntNullableFilter | Int | Null,
     ?   fechaLimiteRespuesta?: DateTimeFilter | DateTime,
     ?   fechaLimiteResolucion?: DateTimeFilter | DateTime,
     ?   respondidoAt?: DateTimeNullableFilter | DateTime | Null,
     ?   resueltoAt?: DateTimeNullableFilter | DateTime | Null,
     ?   cerradoAt?: DateTimeNullableFilter | DateTime | Null,
     ?   cerradoPorId?: IntNullableFilter | Int | Null,
     ?   cumplioRespuesta?: BoolNullableFilter | Boolean | Null,
     ?   cumplioResolucion?: BoolNullableFilter | Boolean | Null,
     ?   creadoAt?: DateTimeFilter | DateTime,
     ?   updatedAt?: DateTimeFilter | DateTime,
     ?   solicitante?: UsuarioScalarRelationFilter | UsuarioWhereInput,
     ?   cerradoPor?: UsuarioNullableScalarRelationFilter | UsuarioWhereInput | Null,
     ?   categoria?: CategoriaScalarRelationFilter | CategoriaWhereInput,
     ?   usuarioAsignado?: UsuarioNullableScalarRelationFilter | UsuarioWhereInput | Null,
     ?   historiales?: HistorialTicketListRelationFilter,
     ?   asignaciones?: AsignacionListRelationFilter,
     ?   notificaciones?: NotificacionListRelationFilter,
     ?   valoracion?: ValoracionServicioNullableScalarRelationFilter | ValoracionServicioWhereInput | Null
       }
     })

Unknown argument `tecnicoAsignadoId`. Available options are marked with ?.
2025-10-23 11:24:23.976 error: 	1--Se produjo un error interno del servidor 
Invalid `this.prisma.ticket.count()` invocation in
C:\Systrack\server\source\controllers\ticketController.ts:85:28

  82     }
  83   }
  84 }),
→ 85 this.prisma.ticket.count({
       select: {
         _count: {
           select: {
             _all: true
           }
         }
       },
       where: {
         tecnicoAsignadoId: 8,
         ~~~~~~~~~~~~~~~~~
     ?   AND?: TicketWhereInput | TicketWhereInput[],
     ?   OR?: TicketWhereInput[],
     ?   NOT?: TicketWhereInput | TicketWhereInput[],
     ?   id?: IntFilter | Int,
     ?   codigo?: StringFilter | String,
     ?   titulo?: StringFilter | String,
     ?   descripcion?: StringFilter | String,
     ?   estado?: EnumEstadoTicketFilter | EstadoTicket,
     ?   prioridad?: EnumPrioridadFilter | Prioridad,
     ?   solicitanteId?: IntFilter | Int,
     ?   categoriaId?: IntFilter | Int,
     ?   usuarioAsignadoId?: IntNullableFilter | Int | Null,
     ?   fechaLimiteRespuesta?: DateTimeFilter | DateTime,
     ?   fechaLimiteResolucion?: DateTimeFilter | DateTime,
     ?   respondidoAt?: DateTimeNullableFilter | DateTime | Null,
     ?   resueltoAt?: DateTimeNullableFilter | DateTime | Null,
     ?   cerradoAt?: DateTimeNullableFilter | DateTime | Null,
     ?   cerradoPorId?: IntNullableFilter | Int | Null,
     ?   cumplioRespuesta?: BoolNullableFilter | Boolean | Null,
     ?   cumplioResolucion?: BoolNullableFilter | Boolean | Null,
     ?   creadoAt?: DateTimeFilter | DateTime,
     ?   updatedAt?: DateTimeFilter | DateTime,
     ?   solicitante?: UsuarioScalarRelationFilter | UsuarioWhereInput,
     ?   cerradoPor?: UsuarioNullableScalarRelationFilter | UsuarioWhereInput | Null,
     ?   categoria?: CategoriaScalarRelationFilter | CategoriaWhereInput,
     ?   usuarioAsignado?: UsuarioNullableScalarRelationFilter | UsuarioWhereInput | Null,
     ?   historiales?: HistorialTicketListRelationFilter,
     ?   asignaciones?: AsignacionListRelationFilter,
     ?   notificaciones?: NotificacionListRelationFilter,
     ?   valoracion?: ValoracionServicioNullableScalarRelationFilter | ValoracionServicioWhereInput | Null
       }
     })

Unknown argument `tecnicoAsignadoId`. Available options are marked with ?.
2025-10-23 11:24:34.728 error: 	1--Se produjo un error interno del servidor 
Invalid `this.prisma.ticket.count()` invocation in
C:\Systrack\server\source\controllers\ticketController.ts:85:28

  82     }
  83   }
  84 }),
→ 85 this.prisma.ticket.count({
       select: {
         _count: {
           select: {
             _all: true
           }
         }
       },
       where: {
         usuarioId: 17,
         ~~~~~~~~~
     ?   AND?: TicketWhereInput | TicketWhereInput[],
     ?   OR?: TicketWhereInput[],
     ?   NOT?: TicketWhereInput | TicketWhereInput[],
     ?   id?: IntFilter | Int,
     ?   codigo?: StringFilter | String,
     ?   titulo?: StringFilter | String,
     ?   descripcion?: StringFilter | String,
     ?   estado?: EnumEstadoTicketFilter | EstadoTicket,
     ?   prioridad?: EnumPrioridadFilter | Prioridad,
     ?   solicitanteId?: IntFilter | Int,
     ?   categoriaId?: IntFilter | Int,
     ?   usuarioAsignadoId?: IntNullableFilter | Int | Null,
     ?   fechaLimiteRespuesta?: DateTimeFilter | DateTime,
     ?   fechaLimiteResolucion?: DateTimeFilter | DateTime,
     ?   respondidoAt?: DateTimeNullableFilter | DateTime | Null,
     ?   resueltoAt?: DateTimeNullableFilter | DateTime | Null,
     ?   cerradoAt?: DateTimeNullableFilter | DateTime | Null,
     ?   cerradoPorId?: IntNullableFilter | Int | Null,
     ?   cumplioRespuesta?: BoolNullableFilter | Boolean | Null,
     ?   cumplioResolucion?: BoolNullableFilter | Boolean | Null,
     ?   creadoAt?: DateTimeFilter | DateTime,
     ?   updatedAt?: DateTimeFilter | DateTime,
     ?   solicitante?: UsuarioScalarRelationFilter | UsuarioWhereInput,
     ?   cerradoPor?: UsuarioNullableScalarRelationFilter | UsuarioWhereInput | Null,
     ?   categoria?: CategoriaScalarRelationFilter | CategoriaWhereInput,
     ?   usuarioAsignado?: UsuarioNullableScalarRelationFilter | UsuarioWhereInput | Null,
     ?   historiales?: HistorialTicketListRelationFilter,
     ?   asignaciones?: AsignacionListRelationFilter,
     ?   notificaciones?: NotificacionListRelationFilter,
     ?   valoracion?: ValoracionServicioNullableScalarRelationFilter | ValoracionServicioWhereInput | Null
       }
     })

Unknown argument `usuarioId`. Available options are marked with ?.
2025-10-23 11:30:18.316 error: 	1--Se produjo un error interno del servidor 
Invalid `this.prisma.ticket.findMany()` invocation in
C:\Systrack\server\source\controllers\ticketController.ts:68:28

  65 
  66 // Obtener tickets con paginación
  67 const [tickets, total] = await Promise.all([
→ 68   this.prisma.ticket.findMany({
         where: {
           tecnicoAsignadoId: 8,
           ~~~~~~~~~~~~~~~~~
       ?   AND?: TicketWhereInput | TicketWhereInput[],
       ?   OR?: TicketWhereInput[],
       ?   NOT?: TicketWhereInput | TicketWhereInput[],
       ?   id?: IntFilter | Int,
       ?   codigo?: StringFilter | String,
       ?   titulo?: StringFilter | String,
       ?   descripcion?: StringFilter | String,
       ?   estado?: EnumEstadoTicketFilter | EstadoTicket,
       ?   prioridad?: EnumPrioridadFilter | Prioridad,
       ?   solicitanteId?: IntFilter | Int,
       ?   categoriaId?: IntFilter | Int,
       ?   usuarioAsignadoId?: IntNullableFilter | Int | Null,
       ?   fechaLimiteRespuesta?: DateTimeFilter | DateTime,
       ?   fechaLimiteResolucion?: DateTimeFilter | DateTime,
       ?   respondidoAt?: DateTimeNullableFilter | DateTime | Null,
       ?   resueltoAt?: DateTimeNullableFilter | DateTime | Null,
       ?   cerradoAt?: DateTimeNullableFilter | DateTime | Null,
       ?   cerradoPorId?: IntNullableFilter | Int | Null,
       ?   cumplioRespuesta?: BoolNullableFilter | Boolean | Null,
       ?   cumplioResolucion?: BoolNullableFilter | Boolean | Null,
       ?   creadoAt?: DateTimeFilter | DateTime,
       ?   updatedAt?: DateTimeFilter | DateTime,
       ?   solicitante?: UsuarioScalarRelationFilter | UsuarioWhereInput,
       ?   cerradoPor?: UsuarioNullableScalarRelationFilter | UsuarioWhereInput | Null,
       ?   categoria?: CategoriaScalarRelationFilter | CategoriaWhereInput,
       ?   usuarioAsignado?: UsuarioNullableScalarRelationFilter | UsuarioWhereInput | Null,
       ?   historiales?: HistorialTicketListRelationFilter,
       ?   asignaciones?: AsignacionListRelationFilter,
       ?   notificaciones?: NotificacionListRelationFilter,
       ?   valoracion?: ValoracionServicioNullableScalarRelationFilter | ValoracionServicioWhereInput | Null
         },
         skip: 0,
         take: 5,
         orderBy: {
           creadoAt: "desc"
         },
         include: {
           usuarioAsignado: {
             select: {
               id: true,
               nombreUsuario: true,
               nombreCompleto: true
             }
           }
         }
       })

Unknown argument `tecnicoAsignadoId`. Available options are marked with ?.
2025-10-23 11:33:03.466 error: 	1--Se produjo un error interno del servidor 
Invalid `this.prisma.ticket.findMany()` invocation in
C:\Systrack\server\source\controllers\ticketController.ts:69:28

  66 
  67 // Obtener tickets con paginación
  68 const [tickets, total] = await Promise.all([
→ 69   this.prisma.ticket.findMany({
         where: {
           usuarioSolicitanteId: 10,
           ~~~~~~~~~~~~~~~~~~~~
       ?   AND?: TicketWhereInput | TicketWhereInput[],
       ?   OR?: TicketWhereInput[],
       ?   NOT?: TicketWhereInput | TicketWhereInput[],
       ?   id?: IntFilter | Int,
       ?   codigo?: StringFilter | String,
       ?   titulo?: StringFilter | String,
       ?   descripcion?: StringFilter | String,
       ?   estado?: EnumEstadoTicketFilter | EstadoTicket,
       ?   prioridad?: EnumPrioridadFilter | Prioridad,
       ?   solicitanteId?: IntFilter | Int,
       ?   categoriaId?: IntFilter | Int,
       ?   usuarioAsignadoId?: IntNullableFilter | Int | Null,
       ?   fechaLimiteRespuesta?: DateTimeFilter | DateTime,
       ?   fechaLimiteResolucion?: DateTimeFilter | DateTime,
       ?   respondidoAt?: DateTimeNullableFilter | DateTime | Null,
       ?   resueltoAt?: DateTimeNullableFilter | DateTime | Null,
       ?   cerradoAt?: DateTimeNullableFilter | DateTime | Null,
       ?   cerradoPorId?: IntNullableFilter | Int | Null,
       ?   cumplioRespuesta?: BoolNullableFilter | Boolean | Null,
       ?   cumplioResolucion?: BoolNullableFilter | Boolean | Null,
       ?   creadoAt?: DateTimeFilter | DateTime,
       ?   updatedAt?: DateTimeFilter | DateTime,
       ?   solicitante?: UsuarioScalarRelationFilter | UsuarioWhereInput,
       ?   cerradoPor?: UsuarioNullableScalarRelationFilter | UsuarioWhereInput | Null,
       ?   categoria?: CategoriaScalarRelationFilter | CategoriaWhereInput,
       ?   usuarioAsignado?: UsuarioNullableScalarRelationFilter | UsuarioWhereInput | Null,
       ?   historiales?: HistorialTicketListRelationFilter,
       ?   asignaciones?: AsignacionListRelationFilter,
       ?   notificaciones?: NotificacionListRelationFilter,
       ?   valoracion?: ValoracionServicioNullableScalarRelationFilter | ValoracionServicioWhereInput | Null
         },
         skip: 0,
         take: 5,
         orderBy: {
           creadoAt: "desc"
         },
         include: {
           usuarioAsignado: {
             select: {
               id: true,
               nombreUsuario: true,
               nombreCompleto: true
             }
           }
         }
       })

Unknown argument `usuarioSolicitanteId`. Available options are marked with ?.
2025-10-23 11:35:30.737 error: 	1--Se produjo un error interno del servidor 
Invalid `this.prisma.ticket.findMany()` invocation in
C:\Systrack\server\source\controllers\ticketController.ts:69:28

  66 
  67 // Obtener tickets con paginación
  68 const [tickets, total] = await Promise.all([
→ 69   this.prisma.ticket.findMany({
         where: {
           usuarioSolicitanteId: 19,
           ~~~~~~~~~~~~~~~~~~~~
       ?   AND?: TicketWhereInput | TicketWhereInput[],
       ?   OR?: TicketWhereInput[],
       ?   NOT?: TicketWhereInput | TicketWhereInput[],
       ?   id?: IntFilter | Int,
       ?   codigo?: StringFilter | String,
       ?   titulo?: StringFilter | String,
       ?   descripcion?: StringFilter | String,
       ?   estado?: EnumEstadoTicketFilter | EstadoTicket,
       ?   prioridad?: EnumPrioridadFilter | Prioridad,
       ?   solicitanteId?: IntFilter | Int,
       ?   categoriaId?: IntFilter | Int,
       ?   usuarioAsignadoId?: IntNullableFilter | Int | Null,
       ?   fechaLimiteRespuesta?: DateTimeFilter | DateTime,
       ?   fechaLimiteResolucion?: DateTimeFilter | DateTime,
       ?   respondidoAt?: DateTimeNullableFilter | DateTime | Null,
       ?   resueltoAt?: DateTimeNullableFilter | DateTime | Null,
       ?   cerradoAt?: DateTimeNullableFilter | DateTime | Null,
       ?   cerradoPorId?: IntNullableFilter | Int | Null,
       ?   cumplioRespuesta?: BoolNullableFilter | Boolean | Null,
       ?   cumplioResolucion?: BoolNullableFilter | Boolean | Null,
       ?   creadoAt?: DateTimeFilter | DateTime,
       ?   updatedAt?: DateTimeFilter | DateTime,
       ?   solicitante?: UsuarioScalarRelationFilter | UsuarioWhereInput,
       ?   cerradoPor?: UsuarioNullableScalarRelationFilter | UsuarioWhereInput | Null,
       ?   categoria?: CategoriaScalarRelationFilter | CategoriaWhereInput,
       ?   usuarioAsignado?: UsuarioNullableScalarRelationFilter | UsuarioWhereInput | Null,
       ?   historiales?: HistorialTicketListRelationFilter,
       ?   asignaciones?: AsignacionListRelationFilter,
       ?   notificaciones?: NotificacionListRelationFilter,
       ?   valoracion?: ValoracionServicioNullableScalarRelationFilter | ValoracionServicioWhereInput | Null
         },
         skip: 0,
         take: 5,
         orderBy: {
           creadoAt: "desc"
         },
         include: {
           solicitante: {
             select: {
               id: true,
               nombreUsuario: true,
               nombreCompleto: true
             }
           },
           usuarioAsignado: {
             select: {
               id: true,
               nombreUsuario: true,
               nombreCompleto: true
             }
           }
         }
       })

Unknown argument `usuarioSolicitanteId`. Available options are marked with ?.
2025-10-23 11:35:35.960 error: 	1--Se produjo un error interno del servidor 
Invalid `this.prisma.ticket.findMany()` invocation in
C:\Systrack\server\source\controllers\ticketController.ts:69:28

  66 
  67 // Obtener tickets con paginación
  68 const [tickets, total] = await Promise.all([
→ 69   this.prisma.ticket.findMany({
         where: {
           usuarioSolicitanteId: 14,
           ~~~~~~~~~~~~~~~~~~~~
       ?   AND?: TicketWhereInput | TicketWhereInput[],
       ?   OR?: TicketWhereInput[],
       ?   NOT?: TicketWhereInput | TicketWhereInput[],
       ?   id?: IntFilter | Int,
       ?   codigo?: StringFilter | String,
       ?   titulo?: StringFilter | String,
       ?   descripcion?: StringFilter | String,
       ?   estado?: EnumEstadoTicketFilter | EstadoTicket,
       ?   prioridad?: EnumPrioridadFilter | Prioridad,
       ?   solicitanteId?: IntFilter | Int,
       ?   categoriaId?: IntFilter | Int,
       ?   usuarioAsignadoId?: IntNullableFilter | Int | Null,
       ?   fechaLimiteRespuesta?: DateTimeFilter | DateTime,
       ?   fechaLimiteResolucion?: DateTimeFilter | DateTime,
       ?   respondidoAt?: DateTimeNullableFilter | DateTime | Null,
       ?   resueltoAt?: DateTimeNullableFilter | DateTime | Null,
       ?   cerradoAt?: DateTimeNullableFilter | DateTime | Null,
       ?   cerradoPorId?: IntNullableFilter | Int | Null,
       ?   cumplioRespuesta?: BoolNullableFilter | Boolean | Null,
       ?   cumplioResolucion?: BoolNullableFilter | Boolean | Null,
       ?   creadoAt?: DateTimeFilter | DateTime,
       ?   updatedAt?: DateTimeFilter | DateTime,
       ?   solicitante?: UsuarioScalarRelationFilter | UsuarioWhereInput,
       ?   cerradoPor?: UsuarioNullableScalarRelationFilter | UsuarioWhereInput | Null,
       ?   categoria?: CategoriaScalarRelationFilter | CategoriaWhereInput,
       ?   usuarioAsignado?: UsuarioNullableScalarRelationFilter | UsuarioWhereInput | Null,
       ?   historiales?: HistorialTicketListRelationFilter,
       ?   asignaciones?: AsignacionListRelationFilter,
       ?   notificaciones?: NotificacionListRelationFilter,
       ?   valoracion?: ValoracionServicioNullableScalarRelationFilter | ValoracionServicioWhereInput | Null
         },
         skip: 0,
         take: 5,
         orderBy: {
           creadoAt: "desc"
         },
         include: {
           solicitante: {
             select: {
               id: true,
               nombreUsuario: true,
               nombreCompleto: true
             }
           },
           usuarioAsignado: {
             select: {
               id: true,
               nombreUsuario: true,
               nombreCompleto: true
             }
           }
         }
       })

Unknown argument `usuarioSolicitanteId`. Available options are marked with ?.
2025-10-23 11:35:38.332 error: 	1--Se produjo un error interno del servidor 
Invalid `this.prisma.ticket.count()` invocation in
C:\Systrack\server\source\controllers\ticketController.ts:93:28

  90     }
  91   }
  92 }),
→ 93 this.prisma.ticket.count({
       select: {
         _count: {
           select: {
             _all: true
           }
         }
       },
       where: {
         usuarioSolicitanteId: 17,
         ~~~~~~~~~~~~~~~~~~~~
     ?   AND?: TicketWhereInput | TicketWhereInput[],
     ?   OR?: TicketWhereInput[],
     ?   NOT?: TicketWhereInput | TicketWhereInput[],
     ?   id?: IntFilter | Int,
     ?   codigo?: StringFilter | String,
     ?   titulo?: StringFilter | String,
     ?   descripcion?: StringFilter | String,
     ?   estado?: EnumEstadoTicketFilter | EstadoTicket,
     ?   prioridad?: EnumPrioridadFilter | Prioridad,
     ?   solicitanteId?: IntFilter | Int,
     ?   categoriaId?: IntFilter | Int,
     ?   usuarioAsignadoId?: IntNullableFilter | Int | Null,
     ?   fechaLimiteRespuesta?: DateTimeFilter | DateTime,
     ?   fechaLimiteResolucion?: DateTimeFilter | DateTime,
     ?   respondidoAt?: DateTimeNullableFilter | DateTime | Null,
     ?   resueltoAt?: DateTimeNullableFilter | DateTime | Null,
     ?   cerradoAt?: DateTimeNullableFilter | DateTime | Null,
     ?   cerradoPorId?: IntNullableFilter | Int | Null,
     ?   cumplioRespuesta?: BoolNullableFilter | Boolean | Null,
     ?   cumplioResolucion?: BoolNullableFilter | Boolean | Null,
     ?   creadoAt?: DateTimeFilter | DateTime,
     ?   updatedAt?: DateTimeFilter | DateTime,
     ?   solicitante?: UsuarioScalarRelationFilter | UsuarioWhereInput,
     ?   cerradoPor?: UsuarioNullableScalarRelationFilter | UsuarioWhereInput | Null,
     ?   categoria?: CategoriaScalarRelationFilter | CategoriaWhereInput,
     ?   usuarioAsignado?: UsuarioNullableScalarRelationFilter | UsuarioWhereInput | Null,
     ?   historiales?: HistorialTicketListRelationFilter,
     ?   asignaciones?: AsignacionListRelationFilter,
     ?   notificaciones?: NotificacionListRelationFilter,
     ?   valoracion?: ValoracionServicioNullableScalarRelationFilter | ValoracionServicioWhereInput | Null
       }
     })

Unknown argument `usuarioSolicitanteId`. Available options are marked with ?.
